// Jest Snapshot v1, https://goo.gl/fbAQLP

exports[`Header Header snapshot 1`] = `
<DocumentFragment>
  <div
    class="header"
  >
    <div
      class="header-text"
      data-testid="centime-header"
    >
      Centime
    </div>
    <button
      class="header-language-button"
      data-testid="language-button"
    >
       
    </button>
  </div>
</DocumentFragment>
`;
